CpIBCgJjMRKLAQoCYzESCQoFMTIzNDUQChoSCgUxMjM0NRIJCgUxMjM0NRAKGhIKBTIzNDU2EgkKBTIzNDU2EA8aEgoFMzQ1NjcSCQoFMzQ1NjcQFBoSCgU0NTY3OBIJCgU0NTY3OBAZIgkKBTY3ODkwECMiCQoFNTY3ODkQHiIJCgU0NTY3OBAZIgkKBTM0NTY3EBQKcgoCYzISbAoCYzISCQoFMjM0NTYQDxoSCgUzNDU2NxIJCgUzNDU2NxAUGhIKBTQ1Njc4EgkKBTQ1Njc4EBkaEgoFNTY3ODkSCQoFNTY3ODkQHiIJCgU0NTY3OBAZIgkKBTM0NTY3EBQiCQoFMjM0NTYQDwpTCgJjMxJNCgJjMxIJCgUzNDU2NxAUGhIKBTU2Nzg5EgkKBTU2Nzg5EB4aEgoFNjc4OTASCQoFNjc4OTAQIyIJCgUyMzQ1NhAPIgkKBTEyMzQ1EAo=