AAIAAQAAAF8AAADEAA4AASnyjhzyMEhqqGD1p4SrkXgIZss5eQhFcAAGAAhzZXNzaW9uZAARABNJTVNJMDAxMDEwMDAwMDAwMDAxAAgABAAAAAAACQAIYMc5bhs/l+mhgcGACAQAAgIECA8EgQEAoxmgF4ASMjAyMTA2MTQxMTExNDIuNDU3gQEAhAEAqRswGYABA6EUgQiDUGRIIxETF4MIAAEBAAAAAPGSCAhmyzl5CEVwlAESuiCABTQ5MDAyoRelFYEBAaIQgQ4xOTIuMTY4LjYwLjE0Mr8kR4EFAcCogAyCCwptYWdtYS5pcHY0hRpJTVNJMDAxMDEwMDAwMDAwMDAxLTc2NDg0NocBBooBAbcPgQ0YAPEQAAEA8RAAAAoK
